[setup] ns=3 dimensions=[56, 70, 20] multiplicities=[1, 2, 1] outcomes=[112, 140, 40]
[gradient-check] {"analytic_directional_derivative": -3.9863141145735144, "numerical_directional_derivative": -3.9863141054752305, "relative_error": 2.2823800740613483e-09}
[POVM] exact split-PVM risk=101.7157879 complete=7.906e-15
[POVM] restart=1/4 step=250 risk=90.1918736 grad=4.192e-01
[POVM] restart=1/4 step=500 risk=89.5400607 grad=6.679e-01
[POVM] restart=1/4 step=750 risk=89.2756306 grad=6.747e-01
[POVM] restart=1/4 step=1000 risk=89.1378041 grad=7.655e-01
[POVM] restart=1/4 step=1250 risk=89.0607197 grad=8.531e-01
[POVM] restart=1/4 step=1500 risk=88.9877959 grad=8.791e-01
[POVM] restart=1/4 risk=88.96158211 grad=8.680e-01 steps=1600 complete=6.182e-15
[POVM] restart=2/4 step=250 risk=90.3529607 grad=3.069e-01
[POVM] restart=2/4 step=500 risk=89.6407963 grad=8.329e-01
[POVM] restart=2/4 step=750 risk=89.3253428 grad=8.407e-01
[POVM] restart=2/4 step=1000 risk=89.1763752 grad=8.676e-01
[POVM] restart=2/4 step=1250 risk=89.0318456 grad=3.578e-02
[POVM] restart=2/4 step=1500 risk=88.9646677 grad=2.942e-02
[POVM] restart=2/4 risk=88.94272297 grad=1.131e-01 steps=1600 complete=6.575e-15
[POVM] restart=3/4 step=250 risk=90.3169674 grad=6.291e-01
[POVM] restart=3/4 step=500 risk=89.5785676 grad=7.251e-01
[POVM] restart=3/4 step=750 risk=89.323642 grad=9.294e-01
[POVM] restart=3/4 step=1000 risk=89.1862357 grad=9.501e-01
[POVM] restart=3/4 step=1250 risk=89.1032332 grad=9.487e-01
[POVM] restart=3/4 step=1500 risk=89.0509338 grad=9.798e-01
[POVM] restart=3/4 risk=89.03436207 grad=9.904e-01 steps=1600 complete=6.579e-15
[POVM] restart=4/4 step=250 risk=90.3314125 grad=5.589e-01
[POVM] restart=4/4 step=500 risk=89.5469226 grad=6.024e-01
[POVM] restart=4/4 step=750 risk=89.2717456 grad=4.995e-01
[POVM] restart=4/4 step=1000 risk=89.1464393 grad=5.518e-01
[POVM] restart=4/4 step=1250 risk=89.0854717 grad=7.000e-01
[POVM] restart=4/4 step=1500 risk=89.0351557 grad=7.623e-01
[POVM] restart=4/4 risk=89.01935216 grad=7.888e-01 steps=1600 complete=6.173e-15
{
  "definition": "Locally A-optimal overcomplete rank-one POVM search, with every d-dimensional Schur block represented by a d x (q d) row-isometry.",
  "working_point": {
    "band_index": 3,
    "time_index": 18,
    "lambda_center_nm": 634.9803146555017,
    "hour_angle_rad": 3.6361026082686072e-06,
    "one_photon_occupation": 1.0200420404393684e-08,
    "rho_eigenvalues": [
      0.10909273334731034,
      0.12750576215750892,
      0.12901962755993113,
      0.13541623831930685,
      0.14120957201386822,
      0.35775606660207465
    ],
    "n_station": 6,
    "n_edge_amplitude": 15,
    "n_closure_phase": 10,
    "n_piston_nuisance": 5,
    "singlecopy_povm_hash": "b27348f9b52a0198d05c4004407d9a8d1123b1add6de3ab810f97eb94b4c349a",
    "singlecopy_effect_count": 303,
    "singlecopy_lift_kappa": 0.15947747399618023,
    "existing_coupled_area_fraction": 1.0,
    "remote_diameter_m": 6.0,
    "photon_collection_efficiency": 0.02
  },
  "copies": 3,
  "redundancy": 2,
  "block_dimensions": [
    56,
    70,
    20
  ],
  "block_multiplicities": [
    1,
    2,
    1
  ],
  "block_outcomes": [
    112,
    140,
    40
  ],
  "pvm_risk": 101.71578792270448,
  "povm_risk": 88.94272296668271,
  "singlecopy_risk": 217.27879131128353,
  "qlan_risk": 27.213331252123787,
  "povm_over_pvm_risk": 0.8744239688166381,
  "fisher_gain_povm_over_pvm": 1.1436100057427572,
  "aggregate_fisher_gain_povm_over_single": 2.44290689630308,
  "aggregate_snr_gain_povm_over_single": 1.5629801330481075,
  "global_fisher_factor_povm_over_qlan": 0.3059646741680902,
  "completeness_error": 6.575382659024456e-15,
  "probability_sum": 0.9999999999999996,
  "gradient_check": {
    "analytic_directional_derivative": -3.9863141145735144,
    "numerical_directional_derivative": -3.9863141054752305,
    "relative_error": 2.2823800740613483e-09
  },
  "optimizer_records": [
    {
      "restart": -1,
      "objective": 101.71578792270452,
      "gradient_norm": 1.0893144874163336,
      "steps": 0,
      "initialization": "exact_split_pvm"
    },
    {
      "restart": 0,
      "objective": 88.96158210920515,
      "gradient_norm": 0.8679701070686474,
      "steps": 1600,
      "initialization": "perturbed_split_0.035"
    },
    {
      "restart": 1,
      "objective": 88.94272296668271,
      "gradient_norm": 0.11312518532425699,
      "steps": 1600,
      "initialization": "perturbed_split_0.046667"
    },
    {
      "restart": 2,
      "objective": 89.03436206532241,
      "gradient_norm": 0.9903565851286543,
      "steps": 1600,
      "initialization": "perturbed_split_0.058333"
    },
    {
      "restart": 3,
      "objective": 89.01935216179557,
      "gradient_norm": 0.7888144969808439,
      "steps": 1600,
      "initialization": "random_tight_frame"
    }
  ],
  "caveat": "This is a local nonconvex rank-one POVM optimum in a fixed copy-permutation block-diagonal class, not a global finite-copy optimality certificate and not yet a strict score-preserving lift."
}
/Users/xinyaoguo/Desktop/VLBI/telescope_final/fig2_eff002_no_core_prior_0819/finite_ns3_povm_q2_band03_634p980nm.json
/Users/xinyaoguo/Desktop/VLBI/telescope_final/fig2_eff002_no_core_prior_0819/finite_ns3_povm_q2_band03_634p980nm.npz
