{
  "scalar_gamma": [
    0.15000000000000002,
    0.15000000000000002,
    0.15000000000000002
  ],
  "independent_gamma": [
    0.15000000000000002,
    0.15000000000000002,
    0.275,
    0.23000000000000004,
    0.23000000000000004,
    0.07000000000000002,
    0.15000000000000002,
    0.03500000000000002,
    0.28,
    0.08500000000000002,
    0.14500000000000002,
    0.10000000000000002,
    0.41000000000000014,
    0.0,
    0.26000000000000006,
    0.30000000000000004,
    0.21500000000000002,
    0.05000000000000002
  ],
  "scalar_gain_vs_edge": {
    "min": 1.0085372571995892,
    "mean": 1.147678881679093,
    "median": 1.088569141139815,
    "max": 1.3657509493176097
  },
  "independent_gain_vs_edge": {
    "min": 1.0000612560361464,
    "mean": 1.1572738520284234,
    "median": 1.1187292126419792,
    "max": 1.3657509493176099
  },
  "independent_ratio_vs_direct": {
    "min": 0.9160992885841674,
    "mean": 0.9993174813132581,
    "median": 0.9997546858958348,
    "max": 1.0768808168140596
  }
}
